// Jest Snapshot v1, https://goo.gl/fbAQLP

exports[`ProgressBar render 1`] = `
<DocumentFragment>
  .c0 {
  width: 100%;
  height: 8px;
  -webkit-appearance: none;
  -moz-appearance: none;
  appearance: none;
}

.c0::-webkit-progress-bar {
  background-color: gray;
  border-radius: 4px;
}

.c0::-webkit-progress-value {
  background-color: red;
  border-radius: 4px;
}

<progress
    class="c0"
    max="2"
    value="1"
  />
</DocumentFragment>
`;
